// Jest Snapshot v1, https://goo.gl/fbAQLP

exports[`<App /> renders correctly 1`] = `
<div>
  <Component />
  <Connect(AlbumList) />
  <Connect(AlbumDetail) />
  <ReduxForm />
</div>
`;
